[2024-12-10 23:23:38,974] 97 werkzeug - INFO - [31m[1mWARNING: This is a development server. Do not use it in a production deployment. Use a production WSGI server instead.[0m
 * Running on all addresses (0.0.0.0)
 * Running on http://127.0.0.1:5000
 * Running on http://192.168.70.95:5000
[2024-12-10 23:23:38,974] 97 werkzeug - INFO - [33mPress CTRL+C to quit[0m
[2024-12-10 23:23:49,524] 97 werkzeug - INFO - 127.0.0.1 - - [10/Dec/2024 23:23:49] "GET /predictdata HTTP/1.1" 200 -
[2024-12-10 23:24:12,159] 838 app - ERROR - Exception on /predictdata [POST]
Traceback (most recent call last):
  File "C:\Users\RAZER BLADE\Downloads\AI Path\Ml projects\Diabetes\src\pipeline\prediction_pipeline.py", line 13, in predict
    model_path = os.path.join("artifact","model.pkl")
                 ^^
NameError: name 'os' is not defined. Did you forget to import 'os'

During handling of the above exception, another exception occurred:

Traceback (most recent call last):
  File "C:\ProgramData\anaconda3\Lib\site-packages\flask\app.py", line 1473, in wsgi_app
    response = self.full_dispatch_request()
               ^^^^^^^^^^^^^^^^^^^^^^^^^^^^
  File "C:\ProgramData\anaconda3\Lib\site-packages\flask\app.py", line 882, in full_dispatch_request
    rv = self.handle_user_exception(e)
         ^^^^^^^^^^^^^^^^^^^^^^^^^^^^^
  File "C:\ProgramData\anaconda3\Lib\site-packages\flask\app.py", line 880, in full_dispatch_request
    rv = self.dispatch_request()
         ^^^^^^^^^^^^^^^^^^^^^^^
  File "C:\ProgramData\anaconda3\Lib\site-packages\flask\app.py", line 865, in dispatch_request
    return self.ensure_sync(self.view_functions[rule.endpoint])(**view_args)  # type: ignore[no-any-return]
           ^^^^^^^^^^^^^^^^^^^^^^^^^^^^^^^^^^^^^^^^^^^^^^^^^^^^^^^^^^^^^^^^^
  File "C:\Users\RAZER BLADE\Downloads\AI Path\Ml projects\Diabetes\app.py", line 41, in predict_datapoint
    results=predict_pipeline.predict(pred_df)
            ^^^^^^^^^^^^^^^^^^^^^^^^^^^^^^^^^
  File "C:\Users\RAZER BLADE\Downloads\AI Path\Ml projects\Diabetes\src\pipeline\prediction_pipeline.py", line 24, in predict
    raise CustomException(e,sys)
src.exception.CustomException: Error occured in python script name [C:\Users\RAZER BLADE\Downloads\AI Path\Ml projects\Diabetes\src\pipeline\prediction_pipeline.py] line number [13] error message [name 'os' is not defined]
[2024-12-10 23:24:12,162] 97 werkzeug - INFO - 127.0.0.1 - - [10/Dec/2024 23:24:12] "[35m[1mPOST /predictdata HTTP/1.1[0m" 500 -
[2024-12-10 23:24:17,099] 838 app - ERROR - Exception on /predictdata [POST]
Traceback (most recent call last):
  File "C:\Users\RAZER BLADE\Downloads\AI Path\Ml projects\Diabetes\src\pipeline\prediction_pipeline.py", line 13, in predict
    model_path = os.path.join("artifact","model.pkl")
                 ^^
NameError: name 'os' is not defined. Did you forget to import 'os'

During handling of the above exception, another exception occurred:

Traceback (most recent call last):
  File "C:\ProgramData\anaconda3\Lib\site-packages\flask\app.py", line 1473, in wsgi_app
    response = self.full_dispatch_request()
               ^^^^^^^^^^^^^^^^^^^^^^^^^^^^
  File "C:\ProgramData\anaconda3\Lib\site-packages\flask\app.py", line 882, in full_dispatch_request
    rv = self.handle_user_exception(e)
         ^^^^^^^^^^^^^^^^^^^^^^^^^^^^^
  File "C:\ProgramData\anaconda3\Lib\site-packages\flask\app.py", line 880, in full_dispatch_request
    rv = self.dispatch_request()
         ^^^^^^^^^^^^^^^^^^^^^^^
  File "C:\ProgramData\anaconda3\Lib\site-packages\flask\app.py", line 865, in dispatch_request
    return self.ensure_sync(self.view_functions[rule.endpoint])(**view_args)  # type: ignore[no-any-return]
           ^^^^^^^^^^^^^^^^^^^^^^^^^^^^^^^^^^^^^^^^^^^^^^^^^^^^^^^^^^^^^^^^^
  File "C:\Users\RAZER BLADE\Downloads\AI Path\Ml projects\Diabetes\app.py", line 41, in predict_datapoint
    results=predict_pipeline.predict(pred_df)
            ^^^^^^^^^^^^^^^^^^^^^^^^^^^^^^^^^
  File "C:\Users\RAZER BLADE\Downloads\AI Path\Ml projects\Diabetes\src\pipeline\prediction_pipeline.py", line 24, in predict
    raise CustomException(e,sys)
src.exception.CustomException: Error occured in python script name [C:\Users\RAZER BLADE\Downloads\AI Path\Ml projects\Diabetes\src\pipeline\prediction_pipeline.py] line number [13] error message [name 'os' is not defined]
[2024-12-10 23:24:17,101] 97 werkzeug - INFO - 127.0.0.1 - - [10/Dec/2024 23:24:17] "[35m[1mPOST /predictdata HTTP/1.1[0m" 500 -
